// Jest Snapshot v1, https://goo.gl/fbAQLP

exports[`gatsby-plugin-sharp base64 converts image to base64 1`] = `
Object {
  "aspectRatio": 1,
  "height": 20,
  "originalName": undefined,
  "src": "data:image/png;base64,iVBORw0KGgoAAAANSUhEUgAAABQAAAAUCAIAAAAC64paAAAACXBIWXMAAAsTAAALEwEAmpwYAAAAGElEQVQ4y2P4TwFgGNU8qnlU86jmgdUMAOBEq42KgAyMAAAAAElFTkSuQmCC",
  "width": 20,
}
`;

exports[`gatsby-plugin-sharp image quirks handles padding bytes correctly 1`] = `
Object {
  "aspectRatio": 0.746,
  "base64": "data:image/jpeg;base64,/9j/2wBDABALDA4MChAODQ4SERATGCgaGBYWGDEjJR0oOjM9PDkzODdASFxOQERXRTc4UG1RV19iZ2hnPk1xeXBkeFxlZ2P/2wBDARESEhgVGC8aGi9jQjhCY2NjY2NjY2NjY2NjY2NjY2NjY2NjY2NjY2NjY2NjY2NjY2NjY2NjY2NjY2NjY2NjY2P/wgARCAAbABQDASIAAhEBAxEB/8QAGQAAAgMBAAAAAAAAAAAAAAAAAAQCBQYD/8QAFwEAAwEAAAAAAAAAAAAAAAAAAAECA//aAAwDAQACEAMQAAABUSuk86QHBj3a3ijKGjLn/8QAGxAAAgMBAQEAAAAAAAAAAAAAAQIAAxETEiH/2gAIAQEAAQUCuwHPnmWOItZ6N0JVH19jPhhUNONc/8QAFhEBAQEAAAAAAAAAAAAAAAAAEQAQ/9oACAEDAQE/ATGb/8QAFhEBAQEAAAAAAAAAAAAAAAAAAQAC/9oACAECAQE/AXcLOYv/xAAhEAABAgQHAAAAAAAAAAAAAAABABEQEiGBAgMjMTJBUf/aAAgBAQAGPwLTMw7LR2sFNmCnicINhN1WNQ64Bf/EAB4QAQACAQQDAAAAAAAAAAAAAAEAEUEQITFxYYGR/9oACAEBAAE/IReQzcsHuC4Z5isStliiCFTzTagrqP7uiioWIIqhvWhVF2JRx8J//9oADAMBAAIAAwAAABCr4D7/xAAXEQEBAQEAAAAAAAAAAAAAAAABABEh/9oACAEDAQE/EDBspJeZI3l//8QAGREBAQADAQAAAAAAAAAAAAAAAQARITGR/9oACAECAQE/ENCyDOvbLxgBf//EAB4QAQACAgMAAwAAAAAAAAAAAAEAESExQVFhcYGh/9oACAEBAAE/EG+DAkcBTM7w7OiW7Cj03XkaQBDCd1QahgEVpTWh8wTYmNcPIn5TVVfaCcEGxKr5ghUwtXP7CUA3QMVoEj//2Q==",
  "density": 72,
  "originalImg": "/static/test-1234-ae944.png",
  "originalName": undefined,
  "presentationHeight": 1000,
  "presentationWidth": 746,
  "sizes": "(max-width: 746px) 100vw, 746px",
  "src": "/static/test-1234-ae944.png",
  "srcSet": "/static/test-1234-8d5df.png 200w,
/static/test-1234-2c1d9.png 400w,
/static/test-1234-ae944.png 746w",
}
`;

exports[`gatsby-plugin-sharp responsiveSizes accounts for pixel density 1`] = `
Object {
  "aspectRatio": 2.0661764705882355,
  "base64": "data:image/png;base64,iVBORw0KGgoAAAANSUhEUgAAABQAAAAKCAYAAAC0VX7mAAAACXBIWXMAABYlAAAWJQFJUiTwAAABAklEQVQoz61R7WrCQBDM+7+Cv1qhlIogoUWMoH8KrfgOLVXRKDV4d7kkl6/pbsxpqBIo9mBuZ7N3k51bB7TKsrwZVsexyS2rKerwFhYFVI1DnkMQOHIuCaLB+ayuwXlMaApXgvMoxjTU8MIQE4rMx8SnNffUkU/qM/bbiPAeRfgw5n8tB+QgO1kmUvwROdm0kYHmUNoe+NoU2wZTdVjQH7Isg9YRpFIXor8vpGmKjb/FQQgslit8fi3wvQ/OHXLhxRvDHY7Qd5+x3e2udmNzTUN4fZvhoddH566L+8cn9AZuVcvpLR3e9kEAISWEkDAmbRXkGCcJ1r4PRRNPEkPu9Kn2Azs0CqJYU3JKAAAAAElFTkSuQmCC",
  "density": 144,
  "originalImg": "/static/test-1234-85b96.png",
  "originalName": undefined,
  "presentationHeight": 68,
  "presentationWidth": 141,
  "sizes": "(max-width: 141px) 100vw, 141px",
  "src": "/static/test-1234-85b96.png",
  "srcSet": "/static/test-1234-7c9f5.png 200w,
/static/test-1234-85b96.png 281w",
}
`;

exports[`gatsby-plugin-sharp responsiveSizes can optionally ignore pixel density 1`] = `
Object {
  "aspectRatio": 2.0661764705882355,
  "base64": "data:image/png;base64,iVBORw0KGgoAAAANSUhEUgAAABQAAAAKCAYAAAC0VX7mAAAACXBIWXMAABYlAAAWJQFJUiTwAAABAklEQVQoz61R7WrCQBDM+7+Cv1qhlIogoUWMoH8KrfgOLVXRKDV4d7kkl6/pbsxpqBIo9mBuZ7N3k51bB7TKsrwZVsexyS2rKerwFhYFVI1DnkMQOHIuCaLB+ayuwXlMaApXgvMoxjTU8MIQE4rMx8SnNffUkU/qM/bbiPAeRfgw5n8tB+QgO1kmUvwROdm0kYHmUNoe+NoU2wZTdVjQH7Isg9YRpFIXor8vpGmKjb/FQQgslit8fi3wvQ/OHXLhxRvDHY7Qd5+x3e2udmNzTUN4fZvhoddH566L+8cn9AZuVcvpLR3e9kEAISWEkDAmbRXkGCcJ1r4PRRNPEkPu9Kn2Azs0CqJYU3JKAAAAAElFTkSuQmCC",
  "density": 144,
  "originalImg": "/static/test-1234-24ad8.png",
  "originalName": undefined,
  "presentationHeight": 136,
  "presentationWidth": 281,
  "sizes": "(max-width: 281px) 100vw, 281px",
  "src": "/static/test-1234-24ad8.png",
  "srcSet": "/static/test-1234-06d78.png 200w,
/static/test-1234-24ad8.png 281w",
}
`;

exports[`gatsby-plugin-sharp responsiveSizes includes responsive image properties, e.g. sizes, srcset, etc. 1`] = `
Object {
  "aspectRatio": 1,
  "base64": "data:image/png;base64,iVBORw0KGgoAAAANSUhEUgAAABQAAAAUCAIAAAAC64paAAAACXBIWXMAAAsTAAALEwEAmpwYAAAAGElEQVQ4y2P4TwFgGNU8qnlU86jmgdUMAOBEq42KgAyMAAAAAElFTkSuQmCC",
  "density": 72,
  "originalImg": "/static/test-1234-18c2a.png",
  "originalName": undefined,
  "presentationHeight": 1,
  "presentationWidth": 1,
  "sizes": "(max-width: 1px) 100vw, 1px",
  "src": "/static/test-1234-18c2a.png",
  "srcSet": "/static/test-1234-18c2a.png 1w",
}
`;
